EN clkdiv_rx NULL "E:/Pieter-Jan Steeman/Project/Xilinx/Receiver/clkDivRx.vhd" sub00/vhpl18 1544787008
AR apptop_rx behavior "E:/Pieter-Jan Steeman/Project/Xilinx/Receiver/ApplicationTop.vhd" sub00/vhpl21 1544787011
AR despreader_rx behavior "E:/Pieter-Jan Steeman/Project/Xilinx/Receiver/despreader.vhd" sub00/vhpl11 1544787001
AR segdec_rx behavior "E:/Pieter-Jan Steeman/Project/Xilinx/Receiver/segdec.vhd" sub00/vhpl17 1544787007
EN pngen_rx NULL "E:/Pieter-Jan Steeman/Project/Xilinx/Receiver/pngen_nco.vhd" sub00/vhpl06 1544786996
AR correlator_rx behavior "E:/Pieter-Jan Steeman/Project/Xilinx/Receiver/correlator.vhd" sub00/vhpl13 1544787003
EN mfilter_rx NULL "E:/Pieter-Jan Steeman/Project/Xilinx/Receiver/mfilter.vhd" sub00/vhpl02 1544786992
AR shiftreg_rx behavior "E:/Pieter-Jan Steeman/Project/Xilinx/Receiver/shiftreg.vhd" sub00/vhpl23 1544787013
EN edgedetector_rx NULL "E:/Pieter-Jan Steeman/Project/Xilinx/Receiver/edgedetector.vhd" sub00/vhpl08 1544786998
EN mux_rx NULL "E:/Pieter-Jan Steeman/Project/Xilinx/Receiver/mux.vhd" sub00/vhpl04 1544786994
EN receivertop_rx NULL "E:/Pieter-Jan Steeman/Project/Xilinx/Receiver/ReceiverTop.vhd" sub00/vhpl26 1544787016
AR edgedetector_rx behavior "E:/Pieter-Jan Steeman/Project/Xilinx/Receiver/edgedetector.vhd" sub00/vhpl09 1544786999
AR clkdiv_rx behavior "E:/Pieter-Jan Steeman/Project/Xilinx/Receiver/clkDivRx.vhd" sub00/vhpl19 1544787009
EN despreader_rx NULL "E:/Pieter-Jan Steeman/Project/Xilinx/Receiver/despreader.vhd" sub00/vhpl10 1544787000
EN shiftreg_rx NULL "E:/Pieter-Jan Steeman/Project/Xilinx/Receiver/shiftreg.vhd" sub00/vhpl22 1544787012
EN latch_rx NULL "E:/Pieter-Jan Steeman/Project/Xilinx/Receiver/latch.vhd" sub00/vhpl14 1544787004
EN apptop_rx NULL "E:/Pieter-Jan Steeman/Project/Xilinx/Receiver/ApplicationTop.vhd" sub00/vhpl20 1544787010
AR mux_rx behavior "E:/Pieter-Jan Steeman/Project/Xilinx/Receiver/mux.vhd" sub00/vhpl05 1544786995
AR pngen_rx behavior "E:/Pieter-Jan Steeman/Project/Xilinx/Receiver/pngen_nco.vhd" sub00/vhpl07 1544786997
AR latch_rx behavior "E:/Pieter-Jan Steeman/Project/Xilinx/Receiver/latch.vhd" sub00/vhpl15 1544787005
EN segdec_rx NULL "E:/Pieter-Jan Steeman/Project/Xilinx/Receiver/segdec.vhd" sub00/vhpl16 1544787006
EN dpll_rx NULL "E:/Pieter-Jan Steeman/Project/Xilinx/Receiver/dpll.vhd" sub00/vhpl00 1544786990
AR receivertop_rx behavior "E:/Pieter-Jan Steeman/Project/Xilinx/Receiver/ReceiverTop.vhd" sub00/vhpl27 1544787017
AR dpll_rx behavior "E:/Pieter-Jan Steeman/Project/Xilinx/Receiver/dpll.vhd" sub00/vhpl01 1544786991
AR acctop_rx behavior "E:/Pieter-Jan Steeman/Project/Xilinx/Receiver/AccessTop.vhd" sub00/vhpl25 1544787015
AR mfilter_rx behavior "E:/Pieter-Jan Steeman/Project/Xilinx/Receiver/mfilter.vhd" sub00/vhpl03 1544786993
EN correlator_rx NULL "E:/Pieter-Jan Steeman/Project/Xilinx/Receiver/correlator.vhd" sub00/vhpl12 1544787002
EN acctop_rx NULL "E:/Pieter-Jan Steeman/Project/Xilinx/Receiver/AccessTop.vhd" sub00/vhpl24 1544787014
