AR udcounter behavior "E:/Pieter-Jan Steeman/Project/Xilinx/Zender/udcounter.vhd" sub00/vhpl13 1544784611
EN clkdiv_tx NULL "E:/Pieter-Jan Steeman/Project/Xilinx/Zender/clkDivTx.vhd" sub00/vhpl16 1544784614
AR seqcont behavior "E:/Pieter-Jan Steeman/Project/Xilinx/Zender/seqcont.vhd" sub00/vhpl05 1544784603
AR mux behavior "E:/Pieter-Jan Steeman/Project/Xilinx/Zender/mux.vhd" sub00/vhpl03 1544784601
AR acctop behavior "E:/Pieter-Jan Steeman/Project/Xilinx/Zender/AccessTop.vhd" sub00/vhpl23 1544784621
EN apptop NULL "E:/Pieter-Jan Steeman/Project/Xilinx/Zender/ApplicationTop.vhd" sub00/vhpl18 1544784616
EN datatop NULL "E:/Pieter-Jan Steeman/Project/Xilinx/Zender/DataTop.vhd" sub00/vhpl20 1544784618
AR edgedetector behavior "E:/Pieter-Jan Steeman/Project/Xilinx/Zender/edgedetector.vhd" sub00/vhpl11 1544784609
EN pngen NULL "E:/Pieter-Jan Steeman/Project/Xilinx/Zender/pngen.vhd" sub00/vhpl00 1544784598
EN seqcont NULL "E:/Pieter-Jan Steeman/Project/Xilinx/Zender/seqcont.vhd" sub00/vhpl04 1544784602
EN transmittertop NULL "E:/Pieter-Jan Steeman/Project/Xilinx/Zender/TransmitterTop.vhd" sub00/vhpl24 1544784622
EN edgedetector NULL "E:/Pieter-Jan Steeman/Project/Xilinx/Zender/edgedetector.vhd" sub00/vhpl10 1544784608
AR datareg behavior "E:/Pieter-Jan Steeman/Project/Xilinx/Zender/datareg.vhd" sub00/vhpl07 1544784605
EN udcounter NULL "E:/Pieter-Jan Steeman/Project/Xilinx/Zender/udcounter.vhd" sub00/vhpl12 1544784610
AR segdec behavior "E:/Pieter-Jan Steeman/Project/Xilinx/Zender/segdec.vhd" sub00/vhpl15 1544784613
AR debouncer behavior "E:/Pieter-Jan Steeman/Project/Xilinx/Zender/debouncer.vhd" sub00/vhpl09 1544784607
AR pngen behavior "E:/Pieter-Jan Steeman/Project/Xilinx/Zender/pngen.vhd" sub00/vhpl01 1544784599
EN mux NULL "E:/Pieter-Jan Steeman/Project/Xilinx/Zender/mux.vhd" sub00/vhpl02 1544784600
AR clkdiv_tx behavior "E:/Pieter-Jan Steeman/Project/Xilinx/Zender/clkDivTx.vhd" sub00/vhpl17 1544784615
EN acctop NULL "E:/Pieter-Jan Steeman/Project/Xilinx/Zender/AccessTop.vhd" sub00/vhpl22 1544784620
AR datatop behavior "E:/Pieter-Jan Steeman/Project/Xilinx/Zender/DataTop.vhd" sub00/vhpl21 1544784619
EN debouncer NULL "E:/Pieter-Jan Steeman/Project/Xilinx/Zender/debouncer.vhd" sub00/vhpl08 1544784606
EN datareg NULL "E:/Pieter-Jan Steeman/Project/Xilinx/Zender/datareg.vhd" sub00/vhpl06 1544784604
AR transmittertop behavior "E:/Pieter-Jan Steeman/Project/Xilinx/Zender/TransmitterTop.vhd" sub00/vhpl25 1544784623
EN segdec NULL "E:/Pieter-Jan Steeman/Project/Xilinx/Zender/segdec.vhd" sub00/vhpl14 1544784612
AR apptop behavior "E:/Pieter-Jan Steeman/Project/Xilinx/Zender/ApplicationTop.vhd" sub00/vhpl19 1544784617
